~/workspace$ git add .env
fatal: pathspec '.env' did not match any files
~/workspace$ git rm .env
fatal: pathspec '.env' did not match any files
~/workspace$ rm .git/index.lock
rm: cannot remove '.git/index.lock': No such file or directory
~/workspace$ git commit -am "Remove unused .env file"
On branch main
Your branch is ahead of 'origin/main' by 3 commits.
  (use "git push" to publish your local commits)

nothing to commit, working tree clean
~/workspace$ git push origin main
Enumerating objects: 10, done.
Counting objects: 100% (10/10), done.
Delta compression using up to 8 threads
Compressing objects: 100% (7/7), done.
Writing objects: 100% (7/7), 1.20 KiB | 1.20 MiB/s, done.
Total 7 (delta 6), reused 0 (delta 0), pack-reused 0 (from 0)
remote: Resolving deltas: 100% (6/6), completed with 3 local objects.
remote: error: GH013: Repository rule violations found for refs/heads/main.
remote: 
remote: - GITHUB PUSH PROTECTION
remote:   —————————————————————————————————————————
remote:     Resolve the following violations before pushing again
remote: 
remote:     - Push cannot contain secrets
remote: 
remote:     
remote:      (?) Learn how to resolve a blocked push
remote:      https://docs.github.com/code-security/secret-scanning/working-with-secret-scanning-and-push-protection/working-with-push-protection-from-the-command-line#resolving-a-blocked-push
remote:     
remote:     
remote:       —— Twilio Account String Identifier ——————————————————
remote:        locations:
remote:          - commit: 6b273d6c435b0e923fc3d7942ff97f2505aec951
remote:            path: .env:19
remote:     
remote:        (?) To push, remove secret from commit(s) or follow this URL to allow the secret.
remote:        https://github.com/viswa9688/Amazon-Groupon/security/secret-scanning/unblock-secret/33mUrKuvimt8rZmdRL1LVWkPKnM
remote:     
remote: 
remote: 
To https://github.com/viswa9688/Amazon-Groupon.git
 ! [remote rejected] main -> main (push declined due to repository rule violations)
error: failed to push some refs to 'https://github.com/viswa9688/Amazon-Groupon.git'